// Jest Snapshot v1, https://goo.gl/fbAQLP

exports[`<Home /> renders correctly 1`] = `
<RCTSafeAreaView
  style={
    [
      {
        "flexBasis": "0%",
        "flexGrow": 1,
        "flexShrink": 1,
      },
      {
        "backgroundColor": "#023535",
      },
    ]
  }
>
  <RCTImageView
    accessibilityState={
      {
        "busy": undefined,
        "checked": undefined,
        "disabled": undefined,
        "expanded": undefined,
        "selected": undefined,
      }
    }
    internal_analyticTag={null}
    resizeMode="contain"
    source={
      [
        {
          "__packager_asset": true,
          "height": 1,
          "scale": 1,
          "uri": "file://assets/full/path/to/directory/name.type",
          "width": 1,
        },
      ]
    }
    style={
      {
        "height": 400,
        "overflow": "hidden",
        "position": "absolute",
        "right": -110,
        "top": -50,
        "width": 300,
      }
    }
  />
  <RCTImageView
    accessibilityState={
      {
        "busy": undefined,
        "checked": undefined,
        "disabled": undefined,
        "expanded": undefined,
        "selected": undefined,
      }
    }
    internal_analyticTag={null}
    resizeMode="contain"
    source={
      [
        {
          "__packager_asset": true,
          "height": 1,
          "scale": 1,
          "uri": "file://assets/full/path/to/directory/name.type",
          "width": 1,
        },
      ]
    }
    style={
      {
        "height": 400,
        "left": -130,
        "overflow": "hidden",
        "position": "absolute",
        "top": "25%",
        "width": 300,
      }
    }
  />
  <RCTImageView
    accessibilityState={
      {
        "busy": undefined,
        "checked": undefined,
        "disabled": undefined,
        "expanded": undefined,
        "selected": undefined,
      }
    }
    internal_analyticTag={null}
    resizeMode="contain"
    source={
      [
        {
          "__packager_asset": true,
          "height": 1,
          "scale": 1,
          "uri": "file://assets/full/path/to/directory/name.type",
          "width": 1,
        },
      ]
    }
    style={
      {
        "bottom": -80,
        "height": 400,
        "overflow": "hidden",
        "position": "absolute",
        "right": -100,
        "width": 500,
      }
    }
  />
  <View
    style={
      [
        {
          "flexBasis": "0%",
          "flexGrow": 1,
          "flexShrink": 1,
        },
        {
          "display": "flex",
        },
        {
          "justifyContent": "center",
        },
        {
          "alignItems": "center",
        },
        {
          "marginTop": -20,
        },
      ]
    }
  >
    <View
      style={
        [
          [
            {
              "marginTop": 20,
            },
          ],
        ]
      }
    >
      <RCTImageView
        accessibilityState={
          {
            "busy": undefined,
            "checked": undefined,
            "disabled": undefined,
            "expanded": undefined,
            "selected": undefined,
          }
        }
        internal_analyticTag={null}
        resizeMode="cover"
        source={
          [
            {
              "__packager_asset": true,
              "height": 1,
              "scale": 1,
              "uri": "file://assets/full/path/to/directory/name.type",
              "width": 1,
            },
          ]
        }
        style={
          {
            "height": 260,
            "overflow": "hidden",
            "width": 260,
          }
        }
      />
    </View>
    <View
      style={
        [
          {
            "display": "flex",
          },
          {
            "flexDirection": "row",
          },
          {
            "justifyContent": "space-around",
          },
          {
            "alignItems": "center",
          },
          {
            "marginLeft": -20,
          },
          [
            {
              "marginTop": 20,
            },
          ],
        ]
      }
    >
      <View
        accessibilityState={
          {
            "busy": undefined,
            "checked": undefined,
            "disabled": undefined,
            "expanded": undefined,
            "selected": undefined,
          }
        }
        accessibilityValue={
          {
            "max": undefined,
            "min": undefined,
            "now": undefined,
            "text": undefined,
          }
        }
        accessible={true}
        collapsable={false}
        focusable={true}
        onClick={[Function]}
        onResponderGrant={[Function]}
        onResponderMove={[Function]}
        onResponderRelease={[Function]}
        onResponderTerminate={[Function]}
        onResponderTerminationRequest={[Function]}
        onStartShouldSetResponder={[Function]}
        style={
          {
            "alignItems": "center",
            "backgroundColor": "#fff",
            "borderBottomLeftRadius": 16,
            "borderBottomRightRadius": 16,
            "borderTopLeftRadius": 16,
            "borderTopRightRadius": 16,
            "height": 100,
            "justifyContent": "center",
            "marginLeft": 20,
            "opacity": 1,
            "width": 100,
          }
        }
      >
        <Text
          allowFontScaling={false}
          selectable={false}
          style={
            [
              {
                "color": "#023535",
                "fontSize": 60,
              },
              undefined,
              {
                "fontFamily": "material-community",
                "fontStyle": "normal",
                "fontWeight": "normal",
              },
              {},
            ]
          }
        >
          󱢖
        </Text>
        <Text
          style={
            [
              {
                "color": "#023535",
              },
              {
                "fontWeight": "600",
              },
              {
                "marginTop": 5,
              },
              {
                "fontSize": 12,
              },
            ]
          }
        >
          SCAN
        </Text>
      </View>
      <View
        accessibilityState={
          {
            "busy": undefined,
            "checked": undefined,
            "disabled": undefined,
            "expanded": undefined,
            "selected": undefined,
          }
        }
        accessibilityValue={
          {
            "max": undefined,
            "min": undefined,
            "now": undefined,
            "text": undefined,
          }
        }
        accessible={true}
        collapsable={false}
        focusable={true}
        onClick={[Function]}
        onResponderGrant={[Function]}
        onResponderMove={[Function]}
        onResponderRelease={[Function]}
        onResponderTerminate={[Function]}
        onResponderTerminationRequest={[Function]}
        onStartShouldSetResponder={[Function]}
        style={
          {
            "alignItems": "center",
            "backgroundColor": "#fff",
            "borderBottomLeftRadius": 16,
            "borderBottomRightRadius": 16,
            "borderTopLeftRadius": 16,
            "borderTopRightRadius": 16,
            "height": 100,
            "justifyContent": "center",
            "marginLeft": 20,
            "opacity": 1,
            "width": 100,
          }
        }
      >
        <Text
          allowFontScaling={false}
          selectable={false}
          style={
            [
              {
                "color": "#023535",
                "fontSize": 60,
              },
              undefined,
              {
                "fontFamily": "material-community",
                "fontStyle": "normal",
                "fontWeight": "normal",
              },
              {},
            ]
          }
        >
          󱞁
        </Text>
        <Text
          style={
            [
              {
                "color": "#023535",
              },
              {
                "fontWeight": "600",
              },
              {
                "marginTop": 5,
              },
              {
                "fontSize": 12,
              },
            ]
          }
        >
          ARCHIVE
        </Text>
      </View>
    </View>
    <View
      style={
        [
          {
            "display": "flex",
          },
          {
            "flexDirection": "row",
          },
          {
            "justifyContent": "space-around",
          },
          {
            "alignItems": "center",
          },
          {
            "marginLeft": -20,
          },
          [
            {
              "marginTop": 20,
            },
          ],
        ]
      }
    >
      <View
        accessibilityState={
          {
            "busy": undefined,
            "checked": undefined,
            "disabled": undefined,
            "expanded": undefined,
            "selected": undefined,
          }
        }
        accessibilityValue={
          {
            "max": undefined,
            "min": undefined,
            "now": undefined,
            "text": undefined,
          }
        }
        accessible={true}
        collapsable={false}
        focusable={true}
        onClick={[Function]}
        onResponderGrant={[Function]}
        onResponderMove={[Function]}
        onResponderRelease={[Function]}
        onResponderTerminate={[Function]}
        onResponderTerminationRequest={[Function]}
        onStartShouldSetResponder={[Function]}
        style={
          {
            "alignItems": "center",
            "backgroundColor": "#fff",
            "borderBottomLeftRadius": 16,
            "borderBottomRightRadius": 16,
            "borderTopLeftRadius": 16,
            "borderTopRightRadius": 16,
            "height": 100,
            "justifyContent": "center",
            "marginLeft": 20,
            "opacity": 1,
            "width": 100,
          }
        }
      >
        <Text
          allowFontScaling={false}
          selectable={false}
          style={
            [
              {
                "color": "#023535",
                "fontSize": 48,
              },
              undefined,
              {
                "fontFamily": "FontAwesome5Free-Solid",
                "fontStyle": "normal",
                "fontWeight": "normal",
              },
              {
                "fontWeight": "700",
              },
            ]
          }
        >
          
        </Text>
        <Text
          style={
            [
              {
                "color": "#023535",
              },
              {
                "fontWeight": "600",
              },
              {
                "marginTop": 5,
              },
              {
                "fontSize": 12,
              },
            ]
          }
        >
          MARKET
        </Text>
      </View>
      <View
        accessibilityState={
          {
            "busy": undefined,
            "checked": undefined,
            "disabled": undefined,
            "expanded": undefined,
            "selected": undefined,
          }
        }
        accessibilityValue={
          {
            "max": undefined,
            "min": undefined,
            "now": undefined,
            "text": undefined,
          }
        }
        accessible={true}
        collapsable={false}
        focusable={true}
        onClick={[Function]}
        onResponderGrant={[Function]}
        onResponderMove={[Function]}
        onResponderRelease={[Function]}
        onResponderTerminate={[Function]}
        onResponderTerminationRequest={[Function]}
        onStartShouldSetResponder={[Function]}
        style={
          {
            "alignItems": "center",
            "backgroundColor": "#fff",
            "borderBottomLeftRadius": 16,
            "borderBottomRightRadius": 16,
            "borderTopLeftRadius": 16,
            "borderTopRightRadius": 16,
            "height": 100,
            "justifyContent": "center",
            "marginLeft": 20,
            "opacity": 1,
            "width": 100,
          }
        }
      >
        <Text
          allowFontScaling={false}
          selectable={false}
          style={
            [
              {
                "color": "#023535",
                "fontSize": 45,
              },
              undefined,
              {
                "fontFamily": "FontAwesome5Free-Solid",
                "fontStyle": "normal",
                "fontWeight": "normal",
              },
              {
                "fontWeight": "700",
              },
            ]
          }
        >
          
        </Text>
        <Text
          style={
            [
              {
                "color": "#023535",
              },
              {
                "fontWeight": "600",
              },
              {
                "marginTop": 5,
              },
              {
                "fontSize": 12,
              },
            ]
          }
        >
          WORKSHOP
        </Text>
      </View>
    </View>
    <View
      accessibilityState={
        {
          "busy": undefined,
          "checked": undefined,
          "disabled": undefined,
          "expanded": undefined,
          "selected": undefined,
        }
      }
      accessibilityValue={
        {
          "max": undefined,
          "min": undefined,
          "now": undefined,
          "text": undefined,
        }
      }
      accessible={true}
      collapsable={false}
      focusable={true}
      onClick={[Function]}
      onResponderGrant={[Function]}
      onResponderMove={[Function]}
      onResponderRelease={[Function]}
      onResponderTerminate={[Function]}
      onResponderTerminationRequest={[Function]}
      onStartShouldSetResponder={[Function]}
      style={
        {
          "alignItems": "center",
          "backgroundColor": "#fff",
          "borderBottomLeftRadius": 16,
          "borderBottomRightRadius": 16,
          "borderTopLeftRadius": 16,
          "borderTopRightRadius": 16,
          "height": 100,
          "justifyContent": "center",
          "marginTop": 20,
          "opacity": 1,
          "width": 100,
        }
      }
    >
      <Text
        allowFontScaling={false}
        selectable={false}
        style={
          [
            {
              "color": "#023535",
              "fontSize": 45,
            },
            undefined,
            {
              "fontFamily": "FontAwesome5Free-Solid",
              "fontStyle": "normal",
              "fontWeight": "normal",
            },
            {
              "fontWeight": "700",
            },
          ]
        }
      >
        
      </Text>
      <Text
        style={
          [
            {
              "color": "#023535",
            },
            {
              "fontWeight": "600",
            },
            {
              "marginTop": 5,
            },
            {
              "fontSize": 12,
            },
          ]
        }
      >
        PROFILE
      </Text>
    </View>
  </View>
</RCTSafeAreaView>
`;
